// Jest Snapshot v1, https://goo.gl/fbAQLP

exports[`<Nav /> should render 1`] = `
<div>
  <nav
    class="nav"
  >
    <div
      class="navLeft"
    >
      <div
        class="logoContainer"
      />
    </div>
    <div
      class="buttonContainer"
    >
      <button
        class="button"
        data-testid="data-testid-nav__button"
      />
    </div>
    <ul
      class="linksContainer"
      data-testid="data-testid-nav__ul"
    >
      <button>
        Home
      </button>
      <button>
        About
      </button>
      <button>
        Porftolio
      </button>
    </ul>
  </nav>
</div>
`;
