// Jest Snapshot v1, https://goo.gl/fbAQLP

exports[`<Form /> should render 1`] = `
<div>
  <form
    class="form"
  >
    <input
      name="name"
      placeholder="Nombre"
      type="text"
    />
    <input
      name="email"
      placeholder="Correo electrónico"
      type="email"
    />
    <input
      name="subject"
      placeholder="Asunto"
      type="text"
    />
    <textarea
      class="textarea"
      name="message"
      placeholder="Mensaje"
    />
    <input
      type="submit"
      value="Enviar"
    />
  </form>
</div>
`;
